<html>
<body>
<pre>
<h1>µVision Build Log</h1>
<h2>Tool Versions:</h2>
IDE-Version: ¦ÌVision V5.38.0.0
Copyright (C) 2022 ARM Ltd and ARM Germany GmbH. All rights reserved.
License Information: 1 1, 1, LIC=EXJT4-FYSED-GKJBG-V3BMY-HPE1K-RYZBX
 
Tool Versions:
Toolchain:       MDK-ARM Plus  Version: 5.38.0.0
Toolchain Path:  D:\Keil_v5\ARM\ARMCLANG\Bin
C Compiler:      ArmClang.exe V6.19
Assembler:       Armasm.exe V6.19
Linker/Locator:  ArmLink.exe V6.19
Library Manager: ArmAr.exe V6.19
Hex Converter:   FromElf.exe V6.19
CPU DLL:         SARMCM3.DLL V5.38.0.0
Dialog DLL:      DCM.DLL V1.17.5.0
Target DLL:      CMSIS_AGDI.dll V1.33.15.0
Dialog DLL:      TCM.DLL V1.56.4.0
 
<h2>Project:</h2>
D:\a_Program_Group\2025_ZDart_V8.7.6\MDK-ARM\2024_Sentinel_Chassis.uvprojx
Project File Date:  05/08/2025

<h2>Output:</h2>
*** Using Compiler 'V6.19', folder: 'D:\Keil_v5\ARM\ARMCLANG\Bin'
Rebuild target '2024_Sentinel_Chassis'
Note: source file '..\Task\Referee\crc.c' - object file renamed from '.\2024_Sentinel_Chassis\crc.o' to '.\2024_Sentinel_Chassis\crc_1.o'.
compiling crc.c...
assembling startup_stm32f407xx.s...
compiling freertos.c...
compiling main.c...
compiling tim.c...
compiling can.c...
compiling dma.c...
compiling stm32f4xx_hal_msp.c...
compiling rtc.c...
compiling stm32f4xx_hal_timebase_tim.c...
compiling gpio.c...
compiling usart.c...
compiling stm32f4xx_it.c...
compiling stm32f4xx_hal_rcc.c...
compiling stm32f4xx_hal_can.c...
compiling stm32f4xx_hal_tim_ex.c...
compiling stm32f4xx_hal_flash.c...
compiling stm32f4xx_hal_flash_ex.c...
compiling stm32f4xx_hal_flash_ramfunc.c...
compiling stm32f4xx_hal_rcc_ex.c...
compiling stm32f4xx_hal_pwr.c...
compiling stm32f4xx_hal_gpio.c...
compiling stm32f4xx_hal_pwr_ex.c...
compiling stm32f4xx_hal_tim.c...
compiling stm32f4xx_hal_dma.c...
compiling stm32f4xx_hal_dma_ex.c...
compiling stm32f4xx_hal_cortex.c...
compiling stm32f4xx_hal.c...
compiling stm32f4xx_hal_exti.c...
compiling stm32f4xx_hal_crc.c...
compiling stm32f4xx_hal_rtc.c...
compiling stm32f4xx_hal_rtc_ex.c...
compiling system_stm32f4xx.c...
compiling Fun.c...
compiling pid.c...
compiling bsp_iic.c...
compiling Simiic.c...
compiling stm32f4xx_hal_uart.c...
compiling Motor.c...
compiling DeviceCheck.c...
compiling debugTask.c...
compiling monitoring_key.c...
compiling croutine.c...
compiling rc_SBUS.c...
compiling ChassisTask.c...
compiling list.c...
compiling event_groups.c...
compiling Auto_Load.c...
compiling Dart.c...
compiling stream_buffer.c...
compiling Vision.c...
compiling queue.c...
compiling Ctrl.c...
compiling timers.c...
compiling tasks.c...
compiling port.c...
compiling heap_4.c...
compiling cmsis_os.c...
compiling referee_usart.c...
compiling Referee.c...
compiling crc.c...
compiling dev_CH455.c...
compiling dev_ssd1306.c...
compiling Font.c...
compiling FlashFun.c...
compiling OLEDkeyboard.c...
compiling OLEDkeyboard_Config.c...
compiling OLEDFun.c...
linking...
Program Size: Code=154800 RO-data=3952 RW-data=484 ZI-data=23004  
FromELF: creating hex file...
".\2024_Sentinel_Chassis\2024_Sentinel_Chassis.axf" - 0 Error(s), 0 Warning(s).

<h2>Software Packages used:</h2>

Package Vendor: ARM
                http://www.keil.com/pack/ARM.CMSIS.5.9.0.pack
                ARM.CMSIS.5.9.0
                CMSIS (Common Microcontroller Software Interface Standard)
   * Component: CORE Version: 5.6.0

Package Vendor: Keil
                https://www.keil.com/pack/Keil.STM32F4xx_DFP.2.17.1.pack
                Keil.STM32F4xx_DFP.2.17.1
                STMicroelectronics STM32F4 Series Device Support, Drivers and Examples

<h2>Collection of Component include folders:</h2>
  ./RTE/_2024_Sentinel_Chassis
  D:/Keil_v5/ARM/Packs/ARM/CMSIS/5.9.0/CMSIS/Core/Include
  D:/Keil_v5/ARM/Packs/Keil/STM32F4xx_DFP/2.17.1/Drivers/CMSIS/Device/ST/STM32F4xx/Include

<h2>Collection of Component Files used:</h2>

   * Component: ARM::CMSIS:CORE:5.6.0
      Include file:  CMSIS/Core/Include/tz_context.h
Build Time Elapsed:  00:00:03
</pre>
</body>
</html>
